\BOOKMARK [0][-]{chapter.1}{\376\377\000I\000n\000t\000r\000o\000d\000u\000c\000t\000i\000o\000n}{}% 1
\BOOKMARK [0][-]{chapter.2}{\376\377\000P\000r\000\351\000s\000e\000n\000t\000a\000t\000i\000o\000n\000\040\000d\000e\000\040\000l\000'\000o\000r\000g\000a\000n\000i\000s\000m\000e}{}% 2
\BOOKMARK [1][-]{section.2.1}{\376\377\000E\000c\000o\000l\000e\000\040\000S\000u\000p\000\351\000r\000i\000e\000u\000r\000e\000\040\000d\000e\000\040\000T\000e\000c\000h\000n\000o\000l\000o\000g\000i\000e\000\040\000d\000e\000\040\000S\000a\000f\000i}{chapter.2}% 3
\BOOKMARK [0][-]{chapter.3}{\376\377\000A\000n\000a\000l\000y\000s\000e\000\040\000d\000e\000s\000\040\000b\000e\000s\000o\000i\000n\000s}{}% 4
\BOOKMARK [1][-]{section.3.1}{\376\377\000B\000e\000s\000o\000i\000n\000s\000\040\000f\000o\000n\000c\000t\000i\000o\000n\000n\000e\000l\000s}{chapter.3}% 5
\BOOKMARK [1][-]{section.3.2}{\376\377\000B\000e\000s\000o\000i\000n\000s\000\040\000n\000o\000n\000-\000f\000o\000n\000c\000t\000i\000o\000n\000n\000e\000l\000s}{chapter.3}% 6
\BOOKMARK [0][-]{chapter.4}{\376\377\000C\000o\000n\000c\000e\000p\000t\000i\000o\000n}{}% 7
\BOOKMARK [1][-]{section.4.1}{\376\377\000U\000M\000L}{chapter.4}% 8
\BOOKMARK [1][-]{section.4.2}{\376\377\000D\000i\000a\000g\000r\000a\000m\000m\000e\000\040\000d\000e\000s\000\040\000c\000a\000s\000\040\000d\000'\000u\000t\000i\000l\000i\000s\000a\000t\000i\000o\000n}{chapter.4}% 9
\BOOKMARK [1][-]{section.4.3}{\376\377\000D\000i\000a\000g\000r\000a\000m\000m\000e\000\040\000d\000e\000\040\000c\000l\000a\000s\000s\000e}{chapter.4}% 10
\BOOKMARK [1][-]{section.4.4}{\376\377\000D\000i\000a\000g\000r\000a\000m\000m\000e\000s\000\040\000d\000e\000\040\000s\000\351\000q\000u\000e\000n\000c\000e}{chapter.4}% 11
\BOOKMARK [0][-]{chapter.5}{\376\377\000O\000u\000t\000i\000l\000s\000\040\000e\000t\000\040\000L\000a\000n\000g\000a\000g\000e\000s\000\040\000u\000t\000i\000l\000i\000s\000\351\000s}{}% 12
\BOOKMARK [1][-]{section.5.1}{\376\377\000I\000n\000t\000r\000o\000d\000u\000c\000t\000i\000o\000n}{chapter.5}% 13
\BOOKMARK [1][-]{section.5.2}{\376\377\000O\000u\000t\000i\000l\000s}{chapter.5}% 14
\BOOKMARK [2][-]{subsection.5.2.1}{\376\377\000R\000e\000a\000c\000t}{section.5.2}% 15
\BOOKMARK [2][-]{subsection.5.2.2}{\376\377\000E\000x\000p\000r\000e\000s\000s\000.\000j\000s}{section.5.2}% 16
\BOOKMARK [2][-]{subsection.5.2.3}{\376\377\000M\000o\000n\000g\000o\000D\000B}{section.5.2}% 17
\BOOKMARK [2][-]{subsection.5.2.4}{\376\377\000V\000i\000s\000u\000a\000l\000\040\000S\000t\000u\000d\000i\000o\000\040\000C\000o\000d\000e}{section.5.2}% 18
\BOOKMARK [2][-]{subsection.5.2.5}{\376\377\000S\000t\000a\000r\000U\000M\000L}{section.5.2}% 19
\BOOKMARK [1][-]{section.5.3}{\376\377\000C\000o\000n\000c\000l\000u\000s\000i\000o\000n}{chapter.5}% 20
\BOOKMARK [0][-]{chapter.6}{\376\377\000I\000m\000p\000l\000\351\000m\000e\000n\000t\000a\000t\000i\000o\000n\000\040\000d\000u\000\040\000P\000r\000o\000j\000e\000t}{}% 21
\BOOKMARK [1][-]{section.6.1}{\376\377\000I\000n\000t\000r\000o\000d\000u\000c\000t\000i\000o\000n}{chapter.6}% 22
\BOOKMARK [1][-]{section.6.2}{\376\377\000A\000p\000p\000l\000i\000c\000a\000t\000i\000o\000n\000\040\000w\000e\000b}{chapter.6}% 23
\BOOKMARK [1][-]{section.6.3}{\376\377\000C\000o\000n\000c\000l\000u\000s\000i\000o\000n}{chapter.6}% 24
\BOOKMARK [0][-]{chapter.7}{\376\377\000C\000o\000n\000c\000l\000u\000s\000i\000o\000n}{}% 25
\BOOKMARK [1][-]{section*.3}{\376\377\000R\000\351\000f\000\351\000r\000e\000n\000c\000e\000s}{chapter.7}% 26
