This is LuaHBTeX, Version 1.17.1 (MiKTeX 24.1) (format=lualatex 2025.2.23)  3 APR 2025 05:55
 restricted system commands enabled.
 file:line:error style messages enabled.
**c:/Users/PFEProject/Rapport/Rapport
(c:/Users/PFEProject/Rapport/Rapport.tex
LaTeX2e <2023-11-01> patch level 1
L3 programming layer <2024-01-04>
Lua module: luaotfload 2023-08-31 3.26 Lua based OpenType font support
Lua module: lualibs 2023-07-13 2.76 ConTeXt Lua standard libraries.
Lua module: lualibs-extended 2023-07-13 2.76 ConTeXt Lua libraries -- extended c
ollection.
luaotfload | conf : Root cache directory is "C:/Users/lenovo/AppData/Local/MiKTe
X/luatex-cache/generic/names".
luaotfload | init : Loading fontloader "fontloader-2023-08-19.lua" from kpse-res
olved path "C:/Users/lenovo/AppData/Local/Programs/MiKTeX/tex/luatex/luaotfload/
fontloader-2023-08-19.lua".
Lua-only attribute luaotfload@noligature = 1
luaotfload | init : Context OpenType loader version 3.133
Inserting `luaotfload.node_processor' in `pre_linebreak_filter'.
Inserting `luaotfload.node_processor' in `hpack_filter'.
Inserting `luaotfload.glyph_stream' in `glyph_stream_provider'.
Inserting `luaotfload.define_font' in `define_font'.
Lua-only attribute luaotfload_color_attribute = 2
luaotfload | conf : Root cache directory is "C:/Users/lenovo/AppData/Local/MiKTe
X/luatex-cache/generic/names".
Inserting `luaotfload.harf.strip_prefix' in `find_opentype_file'.
Inserting `luaotfload.harf.strip_prefix' in `find_truetype_file'.
Removing  `luaotfload.glyph_stream' from `glyph_stream_provider'.
Inserting `luaotfload.harf.glyphstream' in `glyph_stream_provider'.
Inserting `luaotfload.harf.finalize_vlist' in `post_linebreak_filter'.
Inserting `luaotfload.harf.finalize_hlist' in `hpack_filter'.
Inserting `luaotfload.cleanup_files' in `wrapup_run'.
Inserting `luaotfload.harf.finalize_unicode' in `finish_pdffile'.
Inserting `luaotfload.glyphinfo' in `glyph_info'.
Lua-only attribute luaotfload.letterspace_done = 3
Inserting `luaotfload.aux.set_sscale_dimens' in `luaotfload.patch_font'.
Inserting `luaotfload.aux.set_font_index' in `luaotfload.patch_font'.
Inserting `luaotfload.aux.patch_cambria_domh' in `luaotfload.patch_font'.
Inserting `luaotfload.aux.fixup_fontdata' in `luaotfload.patch_font_unsafe'.
Inserting `luaotfload.aux.set_capheight' in `luaotfload.patch_font'.
Inserting `luaotfload.aux.set_xheight' in `luaotfload.patch_font'.
Inserting `luaotfload.rewrite_fontname' in `luaotfload.patch_font'.
Inserting `tracingstacklevels' in `input_level_string'. (C:/Users/lenovo/AppDat
a/Local/Programs/MiKTeX/tex/latex/base/report.cls
Document Class: report 2023/05/17 v1.4n Standard LaTeX document class
(C:/Users/lenovo/AppData/Local/Programs/MiKTeX/tex/latex/base/size10.clo
File: size10.clo 2023/05/17 v1.4n Standard LaTeX file (size option)
luaotfload | db : Font names database loaded from C:/Users/lenovo/AppData/Local/
MiKTeX/luatex-cache/generic/names/luaotfload-names.luc.gz)
\c@part=\count185
\c@chapter=\count186
\c@section=\count187
\c@subsection=\count188
\c@subsubsection=\count189
\c@paragraph=\count190
\c@subparagraph=\count191
\c@figure=\count192
\c@table=\count193
\abovecaptionskip=\skip48
\belowcaptionskip=\skip49
\bibindent=\dimen139
)
(C:/Users/lenovo/AppData/Local/Programs/MiKTeX/tex/latex/graphics/graphicx.sty
Package: graphicx 2021/09/16 v1.2d Enhanced LaTeX Graphics (DPC,SPQR)

(C:/Users/lenovo/AppData/Local/Programs/MiKTeX/tex/latex/graphics/keyval.sty
Package: keyval 2022/05/29 v1.15 key=value parser (DPC)
\KV@toks@=\toks17
)
(C:/Users/lenovo/AppData/Local/Programs/MiKTeX/tex/latex/graphics/graphics.sty
Package: graphics 2022/03/10 v1.4e Standard LaTeX Graphics (DPC,SPQR)

(C:/Users/lenovo/AppData/Local/Programs/MiKTeX/tex/latex/graphics/trig.sty
Package: trig 2021/08/11 v1.11 sin cos tan (DPC)
)
(C:/Users/lenovo/AppData/Local/Programs/MiKTeX/tex/latex/graphics-cfg/graphics.
cfg
File: graphics.cfg 2016/06/04 v1.11 sample graphics configuration
)
Package graphics Info: Driver file: luatex.def on input line 107.

(C:/Users/lenovo/AppData/Local/Programs/MiKTeX/tex/latex/graphics-def/luatex.de
f
File: luatex.def 2022/09/22 v1.2d Graphics/color driver for luatex
))
\Gin@req@height=\dimen140
\Gin@req@width=\dimen141
) (C:/Users/lenovo/AppData/Local/Programs/MiKTeX/tex/latex/xcolor/xcolor.sty
Package: xcolor 2023/11/15 v3.01 LaTeX color extensions (UK)

(C:/Users/lenovo/AppData/Local/Programs/MiKTeX/tex/latex/graphics-cfg/color.cfg
File: color.cfg 2016/01/02 v1.6 sample color configuration
)
Package xcolor Info: Driver file: luatex.def on input line 274.

(C:/Users/lenovo/AppData/Local/Programs/MiKTeX/tex/latex/graphics/mathcolor.ltx
)
Package xcolor Info: Model `cmy' substituted by `cmy0' on input line 1350.
Package xcolor Info: Model `hsb' substituted by `rgb' on input line 1354.
Package xcolor Info: Model `RGB' extended on input line 1366.
Package xcolor Info: Model `HTML' substituted by `rgb' on input line 1368.
Package xcolor Info: Model `Hsb' substituted by `hsb' on input line 1369.
Package xcolor Info: Model `tHsb' substituted by `hsb' on input line 1370.
Package xcolor Info: Model `HSB' substituted by `hsb' on input line 1371.
Package xcolor Info: Model `Gray' substituted by `gray' on input line 1372.
Package xcolor Info: Model `wave' substituted by `hsb' on input line 1373.
)
(C:/Users/lenovo/AppData/Local/Programs/MiKTeX/tex/latex/hyperref/hyperref.sty
Package: hyperref 2023-11-26 v7.01g Hypertext links for LaTeX

(C:/Users/lenovo/AppData/Local/Programs/MiKTeX/tex/generic/iftex/iftex.sty
Package: iftex 2022/02/03 v1.0f TeX engine tests
)
(C:/Users/lenovo/AppData/Local/Programs/MiKTeX/tex/generic/infwarerr/infwarerr.
sty
Package: infwarerr 2019/12/03 v1.5 Providing info/warning/error messages (HO)
)
(C:/Users/lenovo/AppData/Local/Programs/MiKTeX/tex/latex/kvsetkeys/kvsetkeys.st
y
Package: kvsetkeys 2022-10-05 v1.19 Key value parser (HO)
)
(C:/Users/lenovo/AppData/Local/Programs/MiKTeX/tex/generic/kvdefinekeys/kvdefin
ekeys.sty
Package: kvdefinekeys 2019-12-19 v1.6 Define keys (HO)
)
(C:/Users/lenovo/AppData/Local/Programs/MiKTeX/tex/generic/pdfescape/pdfescape.
sty
Package: pdfescape 2019/12/09 v1.15 Implements pdfTeX's escape features (HO)

(C:/Users/lenovo/AppData/Local/Programs/MiKTeX/tex/generic/ltxcmds/ltxcmds.sty
Package: ltxcmds 2023-12-04 v1.26 LaTeX kernel commands for general use (HO)
)
(C:/Users/lenovo/AppData/Local/Programs/MiKTeX/tex/generic/pdftexcmds/pdftexcmd
s.sty
Package: pdftexcmds 2020-06-27 v0.33 Utility functions of pdfTeX for LuaTeX (HO
)
Package pdftexcmds Info: \pdf@primitive is available.
Package pdftexcmds Info: \pdf@ifprimitive is available.
Package pdftexcmds Info: \pdfdraftmode found.
\pdftexcmds@toks=\toks18
))
(C:/Users/lenovo/AppData/Local/Programs/MiKTeX/tex/latex/hycolor/hycolor.sty
Package: hycolor 2020-01-27 v1.10 Color options for hyperref/bookmark (HO)
)
(C:/Users/lenovo/AppData/Local/Programs/MiKTeX/tex/latex/letltxmacro/letltxmacr
o.sty
Package: letltxmacro 2019/12/03 v1.6 Let assignment for LaTeX macros (HO)
)
(C:/Users/lenovo/AppData/Local/Programs/MiKTeX/tex/latex/auxhook/auxhook.sty
Package: auxhook 2019-12-17 v1.6 Hooks for auxiliary files (HO)
)
(C:/Users/lenovo/AppData/Local/Programs/MiKTeX/tex/latex/hyperref/nameref.sty
Package: nameref 2023-11-26 v2.56 Cross-referencing by name of section

(C:/Users/lenovo/AppData/Local/Programs/MiKTeX/tex/latex/refcount/refcount.sty
Package: refcount 2019/12/15 v3.6 Data extraction from label references (HO)
)
(C:/Users/lenovo/AppData/Local/Programs/MiKTeX/tex/generic/gettitlestring/getti
tlestring.sty
Package: gettitlestring 2019/12/15 v1.6 Cleanup title references (HO)

(C:/Users/lenovo/AppData/Local/Programs/MiKTeX/tex/latex/kvoptions/kvoptions.st
y
Package: kvoptions 2022-06-15 v3.15 Key value format for package options (HO)
))
\c@section@level=\count194
)
(C:/Users/lenovo/AppData/Local/Programs/MiKTeX/tex/latex/etoolbox/etoolbox.sty
Package: etoolbox 2020/10/05 v2.5k e-TeX tools for LaTeX (JAW)
\etb@tempcnta=\count195
)
\@linkdim=\dimen142
\Hy@linkcounter=\count196
\Hy@pagecounter=\count197
(C:/Users/lenovo/AppData/Local/Programs/MiKTeX/tex/latex/hyperref/pd1enc.def
File: pd1enc.def 2023-11-26 v7.01g Hyperref: PDFDocEncoding definition (HO)
)
(C:/Users/lenovo/AppData/Local/Programs/MiKTeX/tex/generic/intcalc/intcalc.sty
Package: intcalc 2019/12/15 v1.3 Expandable calculations with integers (HO)
)
\Hy@SavedSpaceFactor=\count198
(C:/Users/lenovo/AppData/Local/Programs/MiKTeX/tex/latex/hyperref/puenc.def
File: puenc.def 2023-11-26 v7.01g Hyperref: PDF Unicode definition (HO)
)
Package hyperref Info: Hyper figures OFF on input line 4181.
Package hyperref Info: Link nesting OFF on input line 4186.
Package hyperref Info: Hyper index ON on input line 4189.
Package hyperref Info: Plain pages OFF on input line 4196.
Package hyperref Info: Backreferencing OFF on input line 4201.
Package hyperref Info: Implicit mode ON; LaTeX internals redefined.
Package hyperref Info: Bookmarks ON on input line 4448.
\c@Hy@tempcnt=\count199

(C:/Users/lenovo/AppData/Local/Programs/MiKTeX/tex/latex/url/url.sty
\Urlmuskip=\muskip16
Package: url 2013/09/16  ver 3.4  Verb mode for urls, etc.
)
LaTeX Info: Redefining \url on input line 4786.
\XeTeXLinkMargin=\dimen143

(C:/Users/lenovo/AppData/Local/Programs/MiKTeX/tex/generic/bitset/bitset.sty
Package: bitset 2019/12/09 v1.3 Handle bit-vector datatype (HO)

(C:/Users/lenovo/AppData/Local/Programs/MiKTeX/tex/generic/bigintcalc/bigintcal
c.sty
Package: bigintcalc 2019/12/15 v1.5 Expandable calculations on big integers (HO
)
))
\Fld@menulength=\count266
\Field@Width=\dimen144
\Fld@charsize=\dimen145
Package hyperref Info: Hyper figures OFF on input line 6065.
Package hyperref Info: Link nesting OFF on input line 6070.
Package hyperref Info: Hyper index ON on input line 6073.
Package hyperref Info: backreferencing OFF on input line 6080.
Package hyperref Info: Link coloring OFF on input line 6085.
Package hyperref Info: Link coloring with OCG OFF on input line 6090.
Package hyperref Info: PDF/A mode OFF on input line 6095.

(C:/Users/lenovo/AppData/Local/Programs/MiKTeX/tex/latex/base/atbegshi-ltx.sty
Package: atbegshi-ltx 2021/01/10 v1.0c Emulation of the original atbegshi
package with kernel methods
)
\Hy@abspage=\count267
\c@Item=\count268
\c@Hfootnote=\count269
)
Package hyperref Info: Driver (autodetected): hluatex.
 (C:/Users/lenovo/AppData/Local/Programs/MiKTeX/tex/latex/hyperref/hluatex.def
File: hluatex.def 2023-11-26 v7.01g Hyperref driver for luaTeX

(C:/Users/lenovo/AppData/Local/Programs/MiKTeX/tex/generic/stringenc/stringenc.
sty
Package: stringenc 2019/11/29 v1.12 Convert strings between diff. encodings (HO
)
)
(C:/Users/lenovo/AppData/Local/Programs/MiKTeX/tex/latex/base/atveryend-ltx.sty
Package: atveryend-ltx 2020/08/19 v1.0a Emulation of the original atveryend pac
kage
with kernel methods
)
\Fld@listcount=\count270
\c@bookmark@seq@number=\count271

(C:/Users/lenovo/AppData/Local/Programs/MiKTeX/tex/latex/rerunfilecheck/rerunfi
lecheck.sty
Package: rerunfilecheck 2022-07-10 v1.10 Rerun checks for auxiliary files (HO)

(C:/Users/lenovo/AppData/Local/Programs/MiKTeX/tex/generic/uniquecounter/unique
counter.sty
Package: uniquecounter 2019/12/15 v1.4 Provide unlimited unique counter (HO)
)
Package uniquecounter Info: New unique counter `rerunfilecheck' on input line 2
85.
)
\Hy@SectionHShift=\skip50
)
(C:/Users/lenovo/AppData/Local/Programs/MiKTeX/tex/latex/titlesec/titlesec.sty
Package: titlesec 2023/10/27 v2.16 Sectioning titles
\ttl@box=\box51
\beforetitleunit=\skip51
\aftertitleunit=\skip52
\ttl@plus=\dimen146
\ttl@minus=\dimen147
\ttl@toksa=\toks19
\titlewidth=\dimen148
\titlewidthlast=\dimen149
\titlewidthfirst=\dimen150
) (C:/Users/lenovo/AppData/Local/Programs/MiKTeX/tex/latex/fancyhdr/fancyhdr.st
y
Package: fancyhdr 2024/07/23 v4.3.1 Extensive control of page headers and foote
rs
\f@nch@headwidth=\skip53
\f@nch@O@elh=\skip54
\f@nch@O@erh=\skip55
\f@nch@O@olh=\skip56
\f@nch@O@orh=\skip57
\f@nch@O@elf=\skip58
\f@nch@O@erf=\skip59
\f@nch@O@olf=\skip60
\f@nch@O@orf=\skip61
) (C:/Users/lenovo/AppData/Local/Programs/MiKTeX/tex/latex/lm/lmodern.sty
Package: lmodern 2015/05/01 v1.6.1 Latin Modern Fonts
LaTeX Font Info:    Overwriting symbol font `operators' in version `normal'
(Font)                  OT1/cmr/m/n --> OT1/lmr/m/n on input line 22.
LaTeX Font Info:    Overwriting symbol font `letters' in version `normal'
(Font)                  OML/cmm/m/it --> OML/lmm/m/it on input line 23.
LaTeX Font Info:    Overwriting symbol font `symbols' in version `normal'
(Font)                  OMS/cmsy/m/n --> OMS/lmsy/m/n on input line 24.
LaTeX Font Info:    Overwriting symbol font `largesymbols' in version `normal'
(Font)                  OMX/cmex/m/n --> OMX/lmex/m/n on input line 25.
LaTeX Font Info:    Overwriting symbol font `operators' in version `bold'
(Font)                  OT1/cmr/bx/n --> OT1/lmr/bx/n on input line 26.
LaTeX Font Info:    Overwriting symbol font `letters' in version `bold'
(Font)                  OML/cmm/b/it --> OML/lmm/b/it on input line 27.
LaTeX Font Info:    Overwriting symbol font `symbols' in version `bold'
(Font)                  OMS/cmsy/b/n --> OMS/lmsy/b/n on input line 28.
LaTeX Font Info:    Overwriting symbol font `largesymbols' in version `bold'
(Font)                  OMX/cmex/m/n --> OMX/lmex/m/n on input line 29.
LaTeX Font Info:    Overwriting math alphabet `\mathbf' in version `normal'
(Font)                  OT1/cmr/bx/n --> OT1/lmr/bx/n on input line 31.
LaTeX Font Info:    Overwriting math alphabet `\mathsf' in version `normal'
(Font)                  OT1/cmss/m/n --> OT1/lmss/m/n on input line 32.
LaTeX Font Info:    Overwriting math alphabet `\mathit' in version `normal'
(Font)                  OT1/cmr/m/it --> OT1/lmr/m/it on input line 33.
LaTeX Font Info:    Overwriting math alphabet `\mathtt' in version `normal'
(Font)                  OT1/cmtt/m/n --> OT1/lmtt/m/n on input line 34.
LaTeX Font Info:    Overwriting math alphabet `\mathbf' in version `bold'
(Font)                  OT1/cmr/bx/n --> OT1/lmr/bx/n on input line 35.
LaTeX Font Info:    Overwriting math alphabet `\mathsf' in version `bold'
(Font)                  OT1/cmss/bx/n --> OT1/lmss/bx/n on input line 36.
LaTeX Font Info:    Overwriting math alphabet `\mathit' in version `bold'
(Font)                  OT1/cmr/bx/it --> OT1/lmr/bx/it on input line 37.
LaTeX Font Info:    Overwriting math alphabet `\mathtt' in version `bold'
(Font)                  OT1/cmtt/m/n --> OT1/lmtt/m/n on input line 38.
)
(C:/Users/lenovo/AppData/Local/Programs/MiKTeX/tex/latex/ragged2e/ragged2e.sty
Package: ragged2e 2023/06/22 v3.6 ragged2e Package
\CenteringLeftskip=\skip62
\RaggedLeftLeftskip=\skip63
\RaggedRightLeftskip=\skip64
\CenteringRightskip=\skip65
\RaggedLeftRightskip=\skip66
\RaggedRightRightskip=\skip67
\CenteringParfillskip=\skip68
\RaggedLeftParfillskip=\skip69
\RaggedRightParfillskip=\skip70
\JustifyingParfillskip=\skip71
\CenteringParindent=\skip72
\RaggedLeftParindent=\skip73
\RaggedRightParindent=\skip74
\JustifyingParindent=\skip75
) (C:/Users/lenovo/AppData/Local/Programs/MiKTeX/tex/latex/setspace/setspace.st
y
Package: setspace 2022/12/04 v6.7b set line spacing
)
(C:/Users/lenovo/AppData/Local/Programs/MiKTeX/tex/latex/caption/subcaption.sty
Package: subcaption 2023/07/28 v1.6b Sub-captions (AR)
(C:/Users/lenovo/AppData/Local/Programs/MiKTeX/tex/latex/caption/caption.sty
Package: caption 2023/08/05 v3.6o Customizing captions (AR)

(C:/Users/lenovo/AppData/Local/Programs/MiKTeX/tex/latex/caption/caption3.sty
Package: caption3 2023/07/31 v2.4d caption3 kernel (AR)
\caption@tempdima=\dimen151
\captionmargin=\dimen152
\caption@leftmargin=\dimen153
\caption@rightmargin=\dimen154
\caption@width=\dimen155
\caption@indent=\dimen156
\caption@parindent=\dimen157
\caption@hangindent=\dimen158
Package caption Info: Standard document class detected.
)
\c@caption@flags=\count272
\c@continuedfloat=\count273
Package caption Info: hyperref package is loaded.
)
Package caption Info: New subtype `subfigure' on input line 238.
\c@subfigure=\count274
Package caption Info: New subtype `subtable' on input line 238.
\c@subtable=\count275
)
Package hyperref Info: Option `colorlinks' set `false' on input line 70.

(C:/Users/lenovo/AppData/Local/Programs/MiKTeX/tex/latex/l3backend/l3backend-lu
atex.def
File: l3backend-luatex.def 2024-01-04 L3 backend support: PDF output (LuaTeX)
\l__color_backend_stack_int=\count276
Inserting `l3color' in `luaotfload.parse_color'.
\l__pdf_internal_box=\box52
)
No file Rapport.aux.

\openout1 = Rapport.aux
LaTeX Font Info:    Checking defaults for OML/cmm/m/it on input line 75.
LaTeX Font Info:    ... okay on input line 75.
LaTeX Font Info:    Checking defaults for OMS/cmsy/m/n on input line 75.
LaTeX Font Info:    ... okay on input line 75.
LaTeX Font Info:    Checking defaults for OT1/cmr/m/n on input line 75.
LaTeX Font Info:    ... okay on input line 75.
LaTeX Font Info:    Checking defaults for T1/cmr/m/n on input line 75.
LaTeX Font Info:    ... okay on input line 75.
LaTeX Font Info:    Checking defaults for TS1/cmr/m/n on input line 75.
LaTeX Font Info:    Trying to load font information for TS1+cmr on input line 7
5.
(C:/Users/lenovo/AppData/Local/Programs/MiKTeX/tex/latex/base/ts1cmr.fd
File: ts1cmr.fd 2023/04/13 v2.5m Standard LaTeX font definitions
)
LaTeX Font Info:    ... okay on input line 75.
LaTeX Font Info:    Checking defaults for TU/lmr/m/n on input line 75.
LaTeX Font Info:    ... okay on input line 75.
LaTeX Font Info:    Checking defaults for OMX/cmex/m/n on input line 75.
LaTeX Font Info:    ... okay on input line 75.
LaTeX Font Info:    Checking defaults for U/cmr/m/n on input line 75.
LaTeX Font Info:    ... okay on input line 75.
LaTeX Font Info:    Checking defaults for PD1/pdf/m/n on input line 75.
LaTeX Font Info:    ... okay on input line 75.
LaTeX Font Info:    Checking defaults for PU/pdf/m/n on input line 75.
LaTeX Font Info:    ... okay on input line 75.

(C:/Users/lenovo/AppData/Local/Programs/MiKTeX/tex/context/base/mkii/supp-pdf.m
kii
[Loading MPS to PDF converter (version 2006.09.02).]
\scratchcounter=\count277
\scratchdimen=\dimen159
\scratchbox=\box53
\nofMPsegments=\count278
\nofMParguments=\count279
\everyMPshowfont=\toks20
\MPscratchCnt=\count280
\MPscratchDim=\dimen160
\MPnumerator=\count281
\makeMPintoPDFobject=\count282
\everyMPtoPDFconversion=\toks21
)
(C:/Users/lenovo/AppData/Local/Programs/MiKTeX/tex/latex/epstopdf-pkg/epstopdf-
base.sty
Package: epstopdf-base 2020-01-24 v2.11 Base part for package epstopdf
Package epstopdf-base Info: Redefining graphics rule for `.eps' on input line 4
85.

(C:/Users/lenovo/AppData/Local/Programs/MiKTeX/tex/latex/00miktex/epstopdf-sys.
cfg
File: epstopdf-sys.cfg 2021/03/18 v2.0 Configuration of epstopdf for MiKTeX
))
Package hyperref Info: Link coloring OFF on input line 75.
\@outlinefile=\write3

\openout3 = Rapport.out
Package caption Info: Begin \AtBeginDocument code.
Package caption Info: End \AtBeginDocument code.
LaTeX Font Info:    Trying to load font information for OT1+lmr on input line 7
8.
 (C:/Users/lenovo/AppData/Local/Programs/MiKTeX/tex/latex/lm/ot1lmr.fd
File: ot1lmr.fd 2015/05/01 v1.6.1 Font defs for Latin Modern
)
LaTeX Font Info:    Trying to load font information for OML+lmm on input line 7
8.

(C:/Users/lenovo/AppData/Local/Programs/MiKTeX/tex/latex/lm/omllmm.fd
File: omllmm.fd 2015/05/01 v1.6.1 Font defs for Latin Modern
)
LaTeX Font Info:    Trying to load font information for OMS+lmsy on input line 
78.

(C:/Users/lenovo/AppData/Local/Programs/MiKTeX/tex/latex/lm/omslmsy.fd
File: omslmsy.fd 2015/05/01 v1.6.1 Font defs for Latin Modern
)
LaTeX Font Info:    Trying to load font information for OMX+lmex on input line 
78.

(C:/Users/lenovo/AppData/Local/Programs/MiKTeX/tex/latex/lm/omxlmex.fd
File: omxlmex.fd 2015/05/01 v1.6.1 Font defs for Latin Modern
)
LaTeX Font Info:    External font `lmex10' loaded for size
(Font)              <12> on input line 78.
LaTeX Font Info:    External font `lmex10' loaded for size
(Font)              <8> on input line 78.
LaTeX Font Info:    External font `lmex10' loaded for size
(Font)              <6> on input line 78.

[1

{C:/Users/lenovo/AppData/Local/MiKTeX/fonts/map/pdftex/pdftex.map}]
warning  (pdf backend): ignoring duplicate destination with the name 'page.1'
[1] [2

]
No file Rapport.toc.
\tf@toc=\write4

\openout4 = Rapport.toc
[3

]
No file Rapport.lof.
\tf@lof=\write5

\openout5 = Rapport.lof
[4

]
Chapter 1.
LaTeX Font Info:    External font `lmex10' loaded for size
(Font)              <24.88> on input line 103.
LaTeX Font Info:    External font `lmex10' loaded for size
(Font)              <20.74> on input line 103.
LaTeX Font Info:    External font `lmex10' loaded for size
(Font)              <17.28> on input line 103.
[5


]
Overfull \hbox (0.63422pt too wide) in paragraph at lines 112--113
[]\TU/lmr/m/n/13 Dévelop-pée avec une stack Re-act pour le fron-tend, Ex-press
.js
 []

[6

]
Chapter 2.
[7

]
Overfull \hbox (6.6249pt too wide) in paragraph at lines 120--121
\TU/lmr/m/n/13 Septem-bre 1992, étab-lisse-ment phare de l’uni-ver-sité Cadi
 Ayyad,
 []

[8

]
Chapter 3.
[9

] [10

] [11]
Overfull \hbox (1.58438pt too wide) in paragraph at lines 202--203
\TU/lmr/m/n/13 Les be-soins non fonc-tion-nels définis-sent les ex-i-gences tec
h-niques
 []


Overfull \hbox (0.87602pt too wide) in paragraph at lines 206--207
[]\TU/lmr/m/n/13 Con-traire-ment aux be-soins fonc-tion-nels qui décrivent \TU
/lmr/bx/n/13 ce que
 []

[12

] [13]
Chapter 4.
[14

]
Overfull \hbox (1.52992pt too wide) in paragraph at lines 261--262
[]\TU/lmr/m/n/13 Vi-su-aliser claire-ment la struc-ture du sys-tème (classes, 
com-
 []

<./imgs/umlLogo.png, id=76, 2386.9175pt x 1363.0925pt>
File: ./imgs/umlLogo.png Graphic file (type png)
<use ./imgs/umlLogo.png>
Package luatex.def Info: ./imgs/umlLogo.png  used on input line 282.
(luatex.def)             Requested size: 276.00105pt x 157.6155pt.
[15

<./imgs/umlLogo.png>]

LaTeX Warning: Reference `fig:use_case_diagram' on page 16 undefined on input l
ine 289.


Overfull \hbox (2.94606pt too wide) in paragraph at lines 293--294
[]\TU/lmr/bx/n/13 Ad-min-is-tra-teur \TU/lmr/m/n/13 : Dis-pose de droits sup-pl
é-men-taires pour
 []

<./imgs/useCaseDiagram.jpg, id=85, 767.86874pt x 663.22781pt>
File: ./imgs/useCaseDiagram.jpg Graphic file (type jpg)
<use ./imgs/useCaseDiagram.jpg>
Package luatex.def Info: ./imgs/useCaseDiagram.jpg  used on input line 298.
(luatex.def)             Requested size: 517.5pt x 447.00166pt.
[16

] [17<./imgs/useCaseDiagram.jpg>]

LaTeX Warning: Reference `fig:class_diagram' on page 18 undefined on input line
 305.


Overfull \hbox (18.81331pt too wide) in paragraph at lines 311--312
[]\TU/lmr/bx/n/13 Tem-plate \TU/lmr/m/n/13 : Mod-élise les dif-férents mod-
èles de CV disponibles 
 []

<./imgs/classDiagram.jpg, id=96, 932.73468pt x 459.96844pt>
File: ./imgs/classDiagram.jpg Graphic file (type jpg)
<use ./imgs/classDiagram.jpg>
Package luatex.def Info: ./imgs/classDiagram.jpg  used on input line 318.
(luatex.def)             Requested size: 552.01659pt x 385.01628pt.
[18

] [19<./imgs/classDiagram.jpg>]
Chapter 5.
[20

] [21

]
<./imgs/reactLogo.jpg, id=118, 385.44pt x 240.9pt>
File: ./imgs/reactLogo.jpg Graphic file (type jpg)
<use ./imgs/reactLogo.jpg>
Package luatex.def Info: ./imgs/reactLogo.jpg  used on input line 345.
(luatex.def)             Requested size: 276.00105pt x 172.49948pt.
<./imgs/expressLogo.jpg, id=119, 350.30875pt x 153.57375pt>
File: ./imgs/expressLogo.jpg Graphic file (type jpg)
<use ./imgs/expressLogo.jpg>
Package luatex.def Info: ./imgs/expressLogo.jpg  used on input line 356.
(luatex.def)             Requested size: 276.00105pt x 121.00557pt.
 [22

<./imgs/reactLogo.jpg>]
<./imgs/mongodbLogo.jpg, id=127, 173.64874pt x 180.675pt>
File: ./imgs/mongodbLogo.jpg Graphic file (type jpg)
<use ./imgs/mongodbLogo.jpg>
Package luatex.def Info: ./imgs/mongodbLogo.jpg  used on input line 367.
(luatex.def)             Requested size: 207.0021pt x 215.38635pt.
 [23<./imgs/expressLogo.jpg><./imgs/mongodbLogo.jpg>]
<./imgs/vscodeLogo.jpg, id=134, 138.5175pt x 138.5175pt>
File: ./imgs/vscodeLogo.jpg Graphic file (type jpg)
<use ./imgs/vscodeLogo.jpg>
Package luatex.def Info: ./imgs/vscodeLogo.jpg  used on input line 378.
(luatex.def)             Requested size: 207.0021pt x 207.00426pt.
 [24<./imgs/vscodeLogo.jpg>]
<./imgs/starumlLogo.jpg, id=139, 298.11375pt x 180.675pt>
File: ./imgs/starumlLogo.jpg Graphic file (type jpg)
<use ./imgs/starumlLogo.jpg>
Package luatex.def Info: ./imgs/starumlLogo.jpg  used on input line 391.
(luatex.def)             Requested size: 310.4979pt x 188.19254pt.
 [25

<./imgs/starumlLogo.jpg>]
Chapter 6.
[26

]
Overfull \hbox (15.47266pt too wide) in paragraph at lines 398--399
\TU/lmr/m/n/13 Cette doc-u-men-ta-tion vi-suelle présente l’ap-pli-ca-tion op
éra-tionnelle
 []

[27

]
<./imgs/screens/home.jpg, id=155, 963.6pt x 462.22687pt>
File: ./imgs/screens/home.jpg Graphic file (type jpg)
<use ./imgs/screens/home.jpg>
Package luatex.def Info: ./imgs/screens/home.jpg  used on input line 406.
(luatex.def)             Requested size: 482.9979pt x 231.68416pt.

Overfull \hbox (137.9979pt too wide) in paragraph at lines 406--407
 [][] 
 []

[28

<./imgs/screens/home.jpg>]
<./imgs/screens/login.jpg, id=163, 963.6pt x 456.95718pt>
File: ./imgs/screens/login.jpg Graphic file (type jpg)
<use ./imgs/screens/login.jpg>
Package luatex.def Info: ./imgs/screens/login.jpg  used on input line 416.
(luatex.def)             Requested size: 155.24895pt x 73.61667pt.
<./imgs/screens/signUP.jpg, id=164, 963.6pt x 459.21562pt>
File: ./imgs/screens/signUP.jpg Graphic file (type jpg)
<use ./imgs/screens/signUP.jpg>
Package luatex.def Info: ./imgs/screens/signUP.jpg  used on input line 421.
(luatex.def)             Requested size: 155.24895pt x 73.9805pt.
<./imgs/screens/tempListe.jpg, id=165, 963.6pt x 463.7325pt>
File: ./imgs/screens/tempListe.jpg Graphic file (type jpg)
<use ./imgs/screens/tempListe.jpg>
Package luatex.def Info: ./imgs/screens/tempListe.jpg  used on input line 432.
(luatex.def)             Requested size: 413.99895pt x 199.23125pt.

Overfull \hbox (68.99895pt too wide) in paragraph at lines 432--433
 [][] 
 []

<./imgs/screens/personalForm.jpg, id=166, 963.6pt x 464.4853pt>
File: ./imgs/screens/personalForm.jpg Graphic file (type jpg)
<use ./imgs/screens/personalForm.jpg>
Package luatex.def Info: ./imgs/screens/personalForm.jpg  used on input line 43
8.
(luatex.def)             Requested size: 413.99895pt x 199.55469pt.

Overfull \hbox (68.99895pt too wide) in paragraph at lines 438--439
 [][] 
 []


LaTeX Warning: `h' float specifier changed to `ht'.

<./imgs/screens/empForm.jpg, id=167, 963.6pt x 468.24937pt>
File: ./imgs/screens/empForm.jpg Graphic file (type jpg)
<use ./imgs/screens/empForm.jpg>
Package luatex.def Info: ./imgs/screens/empForm.jpg  used on input line 444.
(luatex.def)             Requested size: 413.99895pt x 201.17181pt.

Overfull \hbox (68.99895pt too wide) in paragraph at lines 444--445
 [][] 
 []


LaTeX Warning: `h' float specifier changed to `ht'.

<./imgs/screens/eduForm.jpg, id=168, 963.6pt x 470.50781pt>
File: ./imgs/screens/eduForm.jpg Graphic file (type jpg)
<use ./imgs/screens/eduForm.jpg>
Package luatex.def Info: ./imgs/screens/eduForm.jpg  used on input line 450.
(luatex.def)             Requested size: 413.99895pt x 202.1421pt.

Overfull \hbox (68.99895pt too wide) in paragraph at lines 450--451
 [][] 
 []


LaTeX Warning: `h' float specifier changed to `ht'.

<./imgs/screens/langForm.jpg, id=169, 963.6pt x 467.49657pt>
File: ./imgs/screens/langForm.jpg Graphic file (type jpg)
<use ./imgs/screens/langForm.jpg>
Package luatex.def Info: ./imgs/screens/langForm.jpg  used on input line 456.
(luatex.def)             Requested size: 413.99895pt x 200.8484pt.

Overfull \hbox (68.99895pt too wide) in paragraph at lines 456--457
 [][] 
 []


LaTeX Warning: `h' float specifier changed to `ht'.

<./imgs/screens/certifForm.jpg, id=170, 963.6pt x 460.72125pt>
File: ./imgs/screens/certifForm.jpg Graphic file (type jpg)
<use ./imgs/screens/certifForm.jpg>
Package luatex.def Info: ./imgs/screens/certifForm.jpg  used on input line 462.

(luatex.def)             Requested size: 413.99895pt x 197.93755pt.

Overfull \hbox (68.99895pt too wide) in paragraph at lines 462--463
 [][] 
 []


LaTeX Warning: `h' float specifier changed to `ht'.

<./imgs/screens/previewResume.jpg, id=171, 963.6pt x 466.74374pt>
File: ./imgs/screens/previewResume.jpg Graphic file (type jpg)
<use ./imgs/screens/previewResume.jpg>
Package luatex.def Info: ./imgs/screens/previewResume.jpg  used on input line 4
68.
(luatex.def)             Requested size: 413.99895pt x 200.52496pt.

Overfull \hbox (68.99895pt too wide) in paragraph at lines 468--469
 [][] 
 []


LaTeX Warning: `h' float specifier changed to `ht'.

[29

<./imgs/screens/login.jpg><./imgs/screens/signUP.jpg><./imgs/screens/tempListe.j
pg>] [30<./imgs/screens/personalForm.jpg><./imgs/screens/empForm.jpg>]
[31<./imgs/screens/eduForm.jpg><./imgs/screens/langForm.jpg>] [32<./imgs/screens
/certifForm.jpg><./imgs/screens/previewResume.jpg>]
<./imgs/screens/emptyJobOffer.jpg, id=199, 963.6pt x 466.74374pt>
File: ./imgs/screens/emptyJobOffer.jpg Graphic file (type jpg)
<use ./imgs/screens/emptyJobOffer.jpg>
Package luatex.def Info: ./imgs/screens/emptyJobOffer.jpg  used on input line 4
76.
(luatex.def)             Requested size: 413.99895pt x 200.52496pt.

Overfull \hbox (68.99895pt too wide) in paragraph at lines 476--477
 [][] 
 []

<./imgs/screens/createJobOffer.jpg, id=200, 963.6pt x 460.72125pt>
File: ./imgs/screens/createJobOffer.jpg Graphic file (type jpg)
<use ./imgs/screens/createJobOffer.jpg>
Package luatex.def Info: ./imgs/screens/createJobOffer.jpg  used on input line 
482.
(luatex.def)             Requested size: 413.99895pt x 197.93755pt.

Overfull \hbox (68.99895pt too wide) in paragraph at lines 482--483
 [][] 
 []


LaTeX Warning: `h' float specifier changed to `ht'.

<./imgs/screens/jobOfferList.jpg, id=201, 963.6pt x 459.21562pt>
File: ./imgs/screens/jobOfferList.jpg Graphic file (type jpg)
<use ./imgs/screens/jobOfferList.jpg>
Package luatex.def Info: ./imgs/screens/jobOfferList.jpg  used on input line 48
9.
(luatex.def)             Requested size: 413.99895pt x 197.2907pt.

Overfull \hbox (68.99895pt too wide) in paragraph at lines 489--490
 [][] 
 []


LaTeX Warning: `h' float specifier changed to `ht'.

[33

<./imgs/screens/emptyJobOffer.jpg>] [34<./imgs/screens/createJobOffer.jpg><./img
s/screens/jobOfferList.jpg>]
<./imgs/screens/userResumes.jpg, id=213, 963.6pt x 459.96844pt>
File: ./imgs/screens/userResumes.jpg Graphic file (type jpg)
<use ./imgs/screens/userResumes.jpg>
Package luatex.def Info: ./imgs/screens/userResumes.jpg  used on input line 497
.
(luatex.def)             Requested size: 413.99895pt x 197.61412pt.

Overfull \hbox (68.99895pt too wide) in paragraph at lines 497--498
 [][] 
 []

<./imgs/screens/userJobOffers.jpg, id=214, 963.6pt x 463.7325pt>
File: ./imgs/screens/userJobOffers.jpg Graphic file (type jpg)
<use ./imgs/screens/userJobOffers.jpg>
Package luatex.def Info: ./imgs/screens/userJobOffers.jpg  used on input line 5
03.
(luatex.def)             Requested size: 413.99895pt x 199.23125pt.

Overfull \hbox (68.99895pt too wide) in paragraph at lines 503--504
 [][] 
 []


LaTeX Warning: `h' float specifier changed to `ht'.

<./imgs/screens/userResumesDelete.jpg, id=215, 963.6pt x 458.46281pt>
File: ./imgs/screens/userResumesDelete.jpg Graphic file (type jpg)
<use ./imgs/screens/userResumesDelete.jpg>
Package luatex.def Info: ./imgs/screens/userResumesDelete.jpg  used on input li
ne 509.
(luatex.def)             Requested size: 413.99895pt x 196.96727pt.

Overfull \hbox (68.99895pt too wide) in paragraph at lines 509--510
 [][] 
 []


LaTeX Warning: `h' float specifier changed to `ht'.

<./imgs/screens/userResumesUpdate.jpg, id=216, 963.6pt x 465.23813pt>
File: ./imgs/screens/userResumesUpdate.jpg Graphic file (type jpg)
<use ./imgs/screens/userResumesUpdate.jpg>
Package luatex.def Info: ./imgs/screens/userResumesUpdate.jpg  used on input li
ne 515.
(luatex.def)             Requested size: 413.99895pt x 199.87811pt.

Overfull \hbox (68.99895pt too wide) in paragraph at lines 515--516
 [][] 
 []


LaTeX Warning: `h' float specifier changed to `ht'.

<./imgs/screens/profileActions.jpg, id=217, 963.6pt x 461.47406pt>
File: ./imgs/screens/profileActions.jpg Graphic file (type jpg)
<use ./imgs/screens/profileActions.jpg>
Package luatex.def Info: ./imgs/screens/profileActions.jpg  used on input line 
521.
(luatex.def)             Requested size: 413.99895pt x 198.26097pt.

Overfull \hbox (68.99895pt too wide) in paragraph at lines 521--522
 [][] 
 []


LaTeX Warning: `h' float specifier changed to `ht'.

<./imgs/screens/userInfoEdit.jpg, id=218, 963.6pt x 465.99094pt>
File: ./imgs/screens/userInfoEdit.jpg Graphic file (type jpg)
<use ./imgs/screens/userInfoEdit.jpg>
Package luatex.def Info: ./imgs/screens/userInfoEdit.jpg  used on input line 52
7.
(luatex.def)             Requested size: 413.99895pt x 200.20154pt.

Overfull \hbox (68.99895pt too wide) in paragraph at lines 527--528
 [][] 
 []


LaTeX Warning: `h' float specifier changed to `ht'.

<./imgs/screens/userInfoEdit2.jpg, id=219, 963.6pt x 464.4853pt>
File: ./imgs/screens/userInfoEdit2.jpg Graphic file (type jpg)
<use ./imgs/screens/userInfoEdit2.jpg>
Package luatex.def Info: ./imgs/screens/userInfoEdit2.jpg  used on input line 5
33.
(luatex.def)             Requested size: 413.99895pt x 199.55469pt.

Overfull \hbox (68.99895pt too wide) in paragraph at lines 533--534
 [][] 
 []


LaTeX Warning: `h' float specifier changed to `ht'.

<./imgs/screens/userAuthEdit.jpg, id=220, 963.6pt x 458.46281pt>
File: ./imgs/screens/userAuthEdit.jpg Graphic file (type jpg)
<use ./imgs/screens/userAuthEdit.jpg>
Package luatex.def Info: ./imgs/screens/userAuthEdit.jpg  used on input line 53
9.
(luatex.def)             Requested size: 413.99895pt x 196.96727pt.

Overfull \hbox (68.99895pt too wide) in paragraph at lines 539--540
 [][] 
 []


LaTeX Warning: `h' float specifier changed to `ht'.

<./imgs/screens/userAuthDelete.jpg, id=221, 963.6pt x 462.97969pt>
File: ./imgs/screens/userAuthDelete.jpg Graphic file (type jpg)
<use ./imgs/screens/userAuthDelete.jpg>
Package luatex.def Info: ./imgs/screens/userAuthDelete.jpg  used on input line 
544.
(luatex.def)             Requested size: 413.99895pt x 198.90782pt.

Overfull \hbox (68.99895pt too wide) in paragraph at lines 544--545
 [][] 
 []


LaTeX Warning: `h' float specifier changed to `ht'.

File: ./imgs/screens/userInfoEdit.jpg Graphic file (type jpg)
<use ./imgs/screens/userInfoEdit.jpg>
Package luatex.def Info: ./imgs/screens/userInfoEdit.jpg  used on input line 54
9.
(luatex.def)             Requested size: 413.99895pt x 200.20154pt.

Overfull \hbox (68.99895pt too wide) in paragraph at lines 549--550
 [][] 
 []


LaTeX Warning: `h' float specifier changed to `ht'.

[35

<./imgs/screens/userResumes.jpg>] [36<./imgs/screens/userJobOffers.jpg><./imgs/s
creens/userResumesDelete.jpg>] [37<./imgs/screens/userResumesUpdate.jpg><./imgs/
screens/profileActions.jpg>] [38<./imgs/screens/userInfoEdit.jpg><./imgs/screens
/userInfoEdit2.jpg>] [39<./imgs/screens/userAuthEdit.jpg><./imgs/screens/userAut
hDelete.jpg>] [40] [41

]
Chapter 7.
[42

] [43

]

Package hyperref Warning: The anchor of a bookmark and its parent's must not
(hyperref)                be the same. Added a new anchor on input line 595.

[44

] (./Rapport.aux)
 ***********
LaTeX2e <2023-11-01> patch level 1
L3 programming layer <2024-01-04>
 ***********


LaTeX Warning: There were undefined references.


LaTeX Warning: Label(s) may have changed. Rerun to get cross-references right.


Package rerunfilecheck Warning: File `Rapport.out' has changed.
(rerunfilecheck)                Rerun to get outlines right
(rerunfilecheck)                or use package `bookmark'.

Package rerunfilecheck Info: Checksums for `Rapport.out':
(rerunfilecheck)             Before: <no file>
(rerunfilecheck)             After:  39AFE0B74D8018169292F04A4FCAB950;3554.
)

Here is how much of LuaTeX's memory you used:
 11809 strings out of 476497
 125027,1977958 words of node,token memory allocated
 521 words of node memory still in use:
   3 hlist, 1 vlist, 1 rule, 2 glue, 3 kern, 1 glyph, 4 attribute, 71 glue_spec,
 4 attribute_list, 1 write nodes
   avail lists: 1:1,2:592,3:234,4:72,5:188,6:48,7:2995,8:2,9:330,10:10,11:254
 33484 multiletter control sequences out of 65536+600000
 44 fonts using 3347967 bytes
 72i,8n,75p,505b,563s stack positions out of 10000i,1000n,20000p,200000b,200000s
<//?/c:/users/lenovo/appdata/local/programs/miktex/fonts/opentype/public/lm/lmro
man9-regular.otf><//?/c:/users/lenovo/appdata/local/programs/miktex/fonts/openty
pe/public/lm/lmroman10-regular.otf><//?/c:/users/lenovo/appdata/local/programs/m
iktex/fonts/opentype/public/lm/lmroman12-bold.otf><//?/c:/users/lenovo/appdata/l
ocal/programs/miktex/fonts/opentype/public/lm/lmroman12-regular.otf><//?/c:/user
s/lenovo/appdata/local/programs/miktex/fonts/opentype/public/lm/lmroman17-regula
r.otf>
Output written on Rapport.pdf (45 pages, 1752377 bytes).

PDF statistics: 314 PDF objects out of 1000 (max. 8388607)
 98 named destinations out of 1000 (max. 131072)
 1 words of extra memory for PDF output out of 10000 (max. 100000000)

